client/src/components/CourseCard.tsx(1,29): error TS2307: Cannot find module '@shared/schema' or its corresponding type declarations.
client/src/components/ProjectCard.tsx(1,30): error TS2307: Cannot find module '@shared/schema' or its corresponding type declarations.
client/src/components/ui/carousel.tsx(4,8): error TS2307: Cannot find module 'embla-carousel-react' or its corresponding type declarations.
client/src/hooks/use-testimonials.ts(2,21): error TS2307: Cannot find module '@shared/routes' or its corresponding type declarations.
client/src/pages/CourseDetails.tsx(32,26): error TS2339: Property 'imageUrl' does not exist on type 'never'.
client/src/pages/CourseDetails.tsx(32,48): error TS2339: Property 'title' does not exist on type 'never'.
client/src/pages/CourseDetails.tsx(42,25): error TS2339: Property 'category' does not exist on type 'never'.
client/src/pages/CourseDetails.tsx(44,75): error TS2339: Property 'title' does not exist on type 'never'.
client/src/pages/CourseDetails.tsx(47,70): error TS2339: Property 'duration' does not exist on type 'never'.
client/src/pages/CourseDetails.tsx(50,73): error TS2339: Property 'level' does not exist on type 'never'.
client/src/pages/CourseDetails.tsx(53,75): error TS2339: Property 'price' does not exist on type 'never'.
client/src/pages/CourseDetails.tsx(66,23): error TS2339: Property 'description' does not exist on type 'never'.
client/src/pages/CourseDetails.tsx(92,61): error TS2339: Property 'price' does not exist on type 'never'.
client/src/pages/Courses.tsx(9,9): error TS7034: Variable 'courses' implicitly has type 'any[]' in some locations where its type cannot be determined.
client/src/pages/Courses.tsx(41,17): error TS7005: Variable 'courses' implicitly has an 'any[]' type.
client/src/pages/ProgramDetails.tsx(31,26): error TS2339: Property 'imageUrl' does not exist on type 'never'.
client/src/pages/ProgramDetails.tsx(31,48): error TS2339: Property 'title' does not exist on type 'never'.
client/src/pages/ProgramDetails.tsx(41,25): error TS2339: Property 'category' does not exist on type 'never'.
client/src/pages/ProgramDetails.tsx(43,75): error TS2339: Property 'title' does not exist on type 'never'.
client/src/pages/ProgramDetails.tsx(46,70): error TS2339: Property 'duration' does not exist on type 'never'.
client/src/pages/ProgramDetails.tsx(49,73): error TS2339: Property 'level' does not exist on type 'never'.
client/src/pages/ProgramDetails.tsx(52,75): error TS2339: Property 'price' does not exist on type 'never'.
client/src/pages/ProgramDetails.tsx(65,23): error TS2339: Property 'description' does not exist on type 'never'.
client/src/pages/ProgramDetails.tsx(91,61): error TS2339: Property 'price' does not exist on type 'never'.
client/src/pages/Projects.tsx(9,9): error TS7034: Variable 'projects' implicitly has type 'any[]' in some locations where its type cannot be determined.
client/src/pages/Projects.tsx(41,17): error TS7005: Variable 'projects' implicitly has an 'any[]' type.
